// Jest Snapshot v1, https://goo.gl/fbAQLP

exports[`FormMood component renders correctly 1`] = `
Object {
  "asFragment": [Function],
  "baseElement": <body>
    <div>
      <div
        class="header"
      >
        <a
          href="/dashboard"
        >
          <button
            class="back"
            type="button"
          >
            ←
          </button>
        </a>
        <p>
          How do you feel?
        </p>
        <button
          class="main-button"
          type="submit"
        >
          Done
        </button>
      </div>
      <div
        class="inputs"
      >
        <div
          class="ant-slider"
        >
          <div
            class="ant-slider-rail"
          />
          <div
            class="ant-slider-track"
            style="left: 0%; width: 100%;"
          />
          <div
            class="ant-slider-step"
          />
          <div
            aria-disabled="false"
            aria-valuemax="5"
            aria-valuemin="1"
            aria-valuenow="5"
            class="ant-slider-handle"
            role="slider"
            style="left: 100%; transform: translateX(-50%);"
            tabindex="0"
          />
          <div
            class="ant-slider-mark"
          />
        </div>
      </div>
      <div
        class="footer"
      >
        <button
          class="main-button"
          data-testid="next"
          type="button"
        >
          Next
        </button>
      </div>
    </div>
  </body>,
  "container": <div>
    <div
      class="header"
    >
      <a
        href="/dashboard"
      >
        <button
          class="back"
          type="button"
        >
          ←
        </button>
      </a>
      <p>
        How do you feel?
      </p>
      <button
        class="main-button"
        type="submit"
      >
        Done
      </button>
    </div>
    <div
      class="inputs"
    >
      <div
        class="ant-slider"
      >
        <div
          class="ant-slider-rail"
        />
        <div
          class="ant-slider-track"
          style="left: 0%; width: 100%;"
        />
        <div
          class="ant-slider-step"
        />
        <div
          aria-disabled="false"
          aria-valuemax="5"
          aria-valuemin="1"
          aria-valuenow="5"
          class="ant-slider-handle"
          role="slider"
          style="left: 100%; transform: translateX(-50%);"
          tabindex="0"
        />
        <div
          class="ant-slider-mark"
        />
      </div>
    </div>
    <div
      class="footer"
    >
      <button
        class="main-button"
        data-testid="next"
        type="button"
      >
        Next
      </button>
    </div>
  </div>,
  "debug": [Function],
  "findAllByAltText": [Function],
  "findAllByDisplayValue": [Function],
  "findAllByLabelText": [Function],
  "findAllByPlaceholderText": [Function],
  "findAllByRole": [Function],
  "findAllByTestId": [Function],
  "findAllByText": [Function],
  "findAllByTitle": [Function],
  "findByAltText": [Function],
  "findByDisplayValue": [Function],
  "findByLabelText": [Function],
  "findByPlaceholderText": [Function],
  "findByRole": [Function],
  "findByTestId": [Function],
  "findByText": [Function],
  "findByTitle": [Function],
  "getAllByAltText": [Function],
  "getAllByDisplayValue": [Function],
  "getAllByLabelText": [Function],
  "getAllByPlaceholderText": [Function],
  "getAllByRole": [Function],
  "getAllByTestId": [Function],
  "getAllByText": [Function],
  "getAllByTitle": [Function],
  "getByAltText": [Function],
  "getByDisplayValue": [Function],
  "getByLabelText": [Function],
  "getByPlaceholderText": [Function],
  "getByRole": [Function],
  "getByTestId": [Function],
  "getByText": [Function],
  "getByTitle": [Function],
  "queryAllByAltText": [Function],
  "queryAllByDisplayValue": [Function],
  "queryAllByLabelText": [Function],
  "queryAllByPlaceholderText": [Function],
  "queryAllByRole": [Function],
  "queryAllByTestId": [Function],
  "queryAllByText": [Function],
  "queryAllByTitle": [Function],
  "queryByAltText": [Function],
  "queryByDisplayValue": [Function],
  "queryByLabelText": [Function],
  "queryByPlaceholderText": [Function],
  "queryByRole": [Function],
  "queryByTestId": [Function],
  "queryByText": [Function],
  "queryByTitle": [Function],
  "rerender": [Function],
  "unmount": [Function],
}
`;
